// Jest Snapshot v1, https://goo.gl/fbAQLP

exports[`BasketItem.vue should match snapshot 1`] = `
<div class="basketItem">
  <section class="left"><img src="https://cdn.glitch.com/a28552e7-44e1-4bbd-b298-5745e70c2209%2Fsampuan.jpeg?v=1561027551321" alt="Şampuan">
    <div class="count"><button>-</button><input type="number"><button>+</button></div>
  </section>
  <div class="right">
    <div>
      <p>Şampuan</p><strong>13</strong>
    </div><button>REMOVE</button>
  </div>
</div>
`;
